d:\assignments\hfsm-assignment\obj\x64\debug\hfsm-assignment\vc143.pdb
d:\assignments\hfsm-assignment\obj\x64\debug\hfsm-assignment\vc143.idb
d:\assignments\hfsm-assignment\obj\x64\debug\hfsm-assignment\main.obj
d:\assignments\hfsm-assignment\obj\x64\debug\hfsm-assignment\ai_seek_state.obj
d:\assignments\hfsm-assignment\obj\x64\debug\hfsm-assignment\ai_hfsm_field.obj
d:\assignments\hfsm-assignment\bin\debug\hfsm-assignment.exe
d:\assignments\hfsm-assignment\bin\debug\hfsm-assignment.pdb
d:\assignments\hfsm-assignment\obj\x64\debug\hfsm-assignment\application.res
d:\assignments\hfsm-assignment\obj\x64\debug\hfsm-assignment\hfsm-assignment.ilk
d:\assignments\hfsm-assignment\obj\x64\debug\hfsm-assignment\hfsm-assignment.vcxproj.filelistabsolute.txt
d:\assignments\hfsm-assignment\obj\x64\debug\hfsm-assignment\hfsm-assignment.tlog\cl.command.1.tlog
d:\assignments\hfsm-assignment\obj\x64\debug\hfsm-assignment\hfsm-assignment.tlog\cl.items.tlog
d:\assignments\hfsm-assignment\obj\x64\debug\hfsm-assignment\hfsm-assignment.tlog\cl.read.1.tlog
d:\assignments\hfsm-assignment\obj\x64\debug\hfsm-assignment\hfsm-assignment.tlog\cl.write.1.tlog
d:\assignments\hfsm-assignment\obj\x64\debug\hfsm-assignment\hfsm-assignment.tlog\link.command.1.tlog
d:\assignments\hfsm-assignment\obj\x64\debug\hfsm-assignment\hfsm-assignment.tlog\link.read.1.tlog
d:\assignments\hfsm-assignment\obj\x64\debug\hfsm-assignment\hfsm-assignment.tlog\link.secondary.1.tlog
d:\assignments\hfsm-assignment\obj\x64\debug\hfsm-assignment\hfsm-assignment.tlog\link.write.1.tlog
d:\assignments\hfsm-assignment\obj\x64\debug\hfsm-assignment\hfsm-assignment.tlog\rc.command.1.tlog
d:\assignments\hfsm-assignment\obj\x64\debug\hfsm-assignment\hfsm-assignment.tlog\rc.read.1.tlog
d:\assignments\hfsm-assignment\obj\x64\debug\hfsm-assignment\hfsm-assignment.tlog\rc.write.1.tlog
